[27-03-2026 02:01:00] [INFO] [core.lifespan]: 🛑 System Shutdown: Closing connections...
[27-03-2026 02:02:03] [INFO] [root]: 🚀 System Startup: Logger Initialized Successfully!
[27-03-2026 02:02:06] [INFO] [core.lifespan]: 🔄 System Startup: Checking for interrupted tasks...
[27-03-2026 02:02:06] [INFO] [core.lifespan]: ✅ System Clean: No interrupted tasks found.
[27-03-2026 02:22:07] [INFO] [core.lifespan]: 🛑 System Shutdown: Closing connections...
[27-03-2026 02:58:26] [INFO] [root]: 🚀 System Startup: Logger Initialized Successfully!
[27-03-2026 02:59:45] [INFO] [root]: 🚀 System Startup: Logger Initialized Successfully!
[27-03-2026 03:00:15] [INFO] [root]: 🚀 System Startup: Logger Initialized Successfully!
[27-03-2026 03:00:18] [INFO] [core.lifespan]: 🔄 System Startup: Checking for interrupted tasks...
[27-03-2026 03:00:19] [ERROR] [core.lifespan]: ❌ Startup Cleanup Failed: (psycopg2.errors.UndefinedColumn) column videos.org_id does not exist
LINE 1: ...eated_at, videos.updated_at AS videos_updated_at, videos.org...
                                                             ^

[SQL: SELECT videos.id AS videos_id, videos.title AS videos_title, videos.video_url AS videos_video_url, videos.status AS videos_status, videos.created_at AS videos_created_at, videos.updated_at AS videos_updated_at, videos.org_id AS videos_org_id, videos.user_id AS videos_user_id 
FROM videos 
WHERE videos.status = %(status_1)s]
[parameters: {'status_1': 'processing'}]
(Background on this error at: https://sqlalche.me/e/20/f405)
[27-03-2026 03:01:26] [INFO] [core.lifespan]: 🛑 System Shutdown: Closing connections...
[27-03-2026 03:01:56] [INFO] [root]: 🚀 System Startup: Logger Initialized Successfully!
[27-03-2026 03:01:58] [INFO] [core.lifespan]: 🔄 System Startup: Checking for interrupted tasks...
[27-03-2026 03:01:58] [INFO] [core.lifespan]: ✅ System Clean: No interrupted tasks found.
[27-03-2026 03:02:58] [INFO] [core.lifespan]: 🛑 System Shutdown: Closing connections...
